C:\materija\RA96-2013\LPRS2\vezba23_3_16\implementation\system.ngc 1458816348
C:/materija/RA96-2013/LPRS2/vezba23_3_16/implementation/system_my_peripheral_0_wrapper.ngc 1458816327
C:/materija/RA96-2013/LPRS2/vezba23_3_16/implementation/system_rs232_wrapper.ngc 1458816292
C:/materija/RA96-2013/LPRS2/vezba23_3_16/implementation/system_proc_sys_reset_0_wrapper.ngc 1458816292
C:/materija/RA96-2013/LPRS2/vezba23_3_16/implementation/system_clock_generator_0_wrapper.ngc 1458816331
C:/materija/RA96-2013/LPRS2/vezba23_3_16/implementation/system_microblaze_0_ilmb_wrapper.ngc 1458816292
C:/materija/RA96-2013/LPRS2/vezba23_3_16/implementation/system_microblaze_0_dlmb_wrapper.ngc 1458816292
C:/materija/RA96-2013/LPRS2/vezba23_3_16/implementation/system_axi4lite_0_wrapper.ngc 1458816335
C:/materija/RA96-2013/LPRS2/vezba23_3_16/implementation/system_microblaze_0_wrapper.ngc 1458816292
C:/materija/RA96-2013/LPRS2/vezba23_3_16/implementation/system_microblaze_0_i_bram_ctrl_wrapper.ngc 1458816300
C:/materija/RA96-2013/LPRS2/vezba23_3_16/implementation/system_microblaze_0_d_bram_ctrl_wrapper.ngc 1458816305
C:/materija/RA96-2013/LPRS2/vezba23_3_16/implementation/system_debug_module_wrapper.ngc 1458816292
C:/materija/RA96-2013/LPRS2/vezba23_3_16/implementation/system_microblaze_0_bram_block_wrapper.ngc 1458816292
OK
