13:12:33 **** Build of project helloWorld_bsp ****
make -k all 
libgen -hw ../vezba23_3_16_hw_platform/system.xml\
	       \
	       -pe microblaze_0 \
	       -log libgen.log \
	       system.mss
libgen
Xilinx EDK 14.6 Build EDK_P.68d
Copyright (c) 1995-2012 Xilinx, Inc.  All rights reserved.

Command Line: libgen -hw ../vezba23_3_16_hw_platform/system.xml -pe microblaze_0
-log libgen.log system.mss 


Staging source files.
Running DRCs.
Running generate.
Running post_generate.
Running include - 'make -s include "COMPILER=mb-gcc" "ARCHIVER=mb-ar"
"COMPILER_FLAGS=-mlittle-endian -mno-xl-soft-mul -mxl-barrel-shift
-mxl-pattern-compare -mcpu=v8.50.b  -O2 -c" "EXTRA_COMPILER_FLAGS=-g
-ffunction-sections -fdata-sections"'.

Running libs - 'make -s libs "COMPILER=mb-gcc" "ARCHIVER=mb-ar"
"COMPILER_FLAGS=-mlittle-endian -mno-xl-soft-mul -mxl-barrel-shift
-mxl-pattern-compare -mcpu=v8.50.b  -O2 -c" "EXTRA_COMPILER_FLAGS=-g
-ffunction-sections -fdata-sections"'.
Compiling common
Compiling standalone
Compiling uartlite
Compiling gpio
Compiling bram
Compiling cpu
Running execs_generate.
Finished building libraries
13:12:45 **** Build of configuration Debug for project helloWorld ****
make all 
Building file: ../src/helloworld.c
Invoking: MicroBlaze gcc compiler
mb-gcc -Wall -O0 -g3 -c -fmessage-length=0 -I../../helloWorld_bsp/microblaze_0/include -mlittle-endian -mxl-barrel-shift -mxl-pattern-compare -mcpu=v8.50.b -mno-xl-soft-mul -Wl,--no-relax -ffunction-sections -fdata-sections -MMD -MP -MF"src/helloworld.d" -MT"src/helloworld.d" -o "src/helloworld.o" "../src/helloworld.c"
Finished building: ../src/helloworld.c
 
Building file: ../src/platform.c
Invoking: MicroBlaze gcc compiler
mb-gcc -Wall -O0 -g3 -c -fmessage-length=0 -I../../helloWorld_bsp/microblaze_0/include -mlittle-endian -mxl-barrel-shift -mxl-pattern-compare -mcpu=v8.50.b -mno-xl-soft-mul -Wl,--no-relax -ffunction-sections -fdata-sections -MMD -MP -MF"src/platform.d" -MT"src/platform.d" -o "src/platform.o" "../src/platform.c"
Finished building: ../src/platform.c
 
Building target: helloWorld.elf
Invoking: MicroBlaze gcc linker
mb-gcc -Wl,-T -Wl,../src/lscript.ld -L../../helloWorld_bsp/microblaze_0/lib -mlittle-endian -mxl-barrel-shift -mxl-pattern-compare -mcpu=v8.50.b -mno-xl-soft-mul -Wl,--no-relax -Wl,--gc-sections -o "helloWorld.elf"  ./src/helloworld.o ./src/platform.o   -Wl,--start-group,-lxil,-lgcc,-lc,--end-group
Finished building target: helloWorld.elf
 
Invoking: MicroBlaze Print Size
mb-size helloWorld.elf  |tee "helloWorld.elf.size"
   text	   data	    bss	    dec	    hex	filename
   2174	    268	   2080	   4522	   11aa	helloWorld.elf
Finished building: helloWorld.elf.size
 
Invoking: Xilinx ELF Check
elfcheck helloWorld.elf -hw ../../vezba23_3_16_hw_platform/system.xml -pe microblaze_0  |tee "helloWorld.elf.elfcheck"
elfcheck
Xilinx EDK 14.6 Build EDK_P.68d
Copyright (c) 1995-2012 Xilinx, Inc.  All rights reserved.

Command Line: elfcheck -hw ../../vezba23_3_16_hw_platform/system.xml -pe
microblaze_0 helloWorld.elf 

ELF file	: helloWorld.elf
elfcheck passed.
Finished building: helloWorld.elf.elfcheck
 
13:26:18 **** Auto Build of project helloWorld_bsp ****
make -k all 
Finished building libraries
13:26:57 **** Auto Build of configuration Debug for project helloWorld ****
make all 
Building file: ../src/helloworld.c
Invoking: MicroBlaze gcc compiler
mb-gcc -Wall -O0 -g3 -c -fmessage-length=0 -I../../helloWorld_bsp/microblaze_0/include -mlittle-endian -mxl-barrel-shift -mxl-pattern-compare -mcpu=v8.50.b -mno-xl-soft-mul -Wl,--no-relax -ffunction-sections -fdata-sections -MMD -MP -MF"src/helloworld.d" -MT"src/helloworld.d" -o "src/helloworld.o" "../src/helloworld.c"
../src/helloworld.c: In function 'main':
../src/helloworld.c:46:6: error: 'DataRead' undeclared (first use in this function)
../src/helloworld.c:46:6: note: each undeclared identifier is reported only once for each function it appears in
../src/helloworld.c:46:6: warning: implicit declaration of function 'XIo_In32' [-Wimplicit-function-declaration]
../src/helloworld.c:46:26: error: 'XPAR_DIP_SWITCHES_BASEADDR' undeclared (first use in this function)
make: *** [src/helloworld.o] Greška 1
13:28:29 **** Auto Build of configuration Debug for project helloWorld ****
make all 
Building file: ../src/helloworld.c
Invoking: MicroBlaze gcc compiler
mb-gcc -Wall -O0 -g3 -c -fmessage-length=0 -I../../helloWorld_bsp/microblaze_0/include -mlittle-endian -mxl-barrel-shift -mxl-pattern-compare -mcpu=v8.50.b -mno-xl-soft-mul -Wl,--no-relax -ffunction-sections -fdata-sections -MMD -MP -MF"src/helloworld.d" -MT"src/helloworld.d" -o "src/helloworld.o" "../src/helloworld.c"
Finished building: ../src/helloworld.c
 
Building target: helloWorld.elf
Invoking: MicroBlaze gcc linker
mb-gcc -Wl,-T -Wl,../src/lscript.ld -L../../helloWorld_bsp/microblaze_0/lib -mlittle-endian -mxl-barrel-shift -mxl-pattern-compare -mcpu=v8.50.b -mno-xl-soft-mul -Wl,--no-relax -Wl,--gc-sections -o "helloWorld.elf"  ./src/helloworld.o ./src/platform.o   -Wl,--start-group,-lxil,-lgcc,-lc,--end-group
Finished building target: helloWorld.elf
 
Invoking: MicroBlaze Print Size
mb-size helloWorld.elf  |tee "helloWorld.elf.size"
   text	   data	    bss	    dec	    hex	filename
   5194	    272	   2086	   7552	   1d80	helloWorld.elf
Finished building: helloWorld.elf.size
 
Invoking: Xilinx ELF Check
elfcheck helloWorld.elf -hw ../../vezba23_3_16_hw_platform/system.xml -pe microblaze_0  |tee "helloWorld.elf.elfcheck"
elfcheck
Xilinx EDK 14.6 Build EDK_P.68d
Copyright (c) 1995-2012 Xilinx, Inc.  All rights reserved.

Command Line: elfcheck -hw ../../vezba23_3_16_hw_platform/system.xml -pe
microblaze_0 helloWorld.elf 

ELF file	: helloWorld.elf
elfcheck passed.
Finished building: helloWorld.elf.elfcheck
 
13:28:47 **** Auto Build of project helloWorld_bsp ****
make -k all 
Finished building libraries
13:29:28 **** Incremental Build of configuration Debug for project helloWorld ****
make all 
make: Ništa za napraviti za `all'.
11:03:22 **** Incremental Build of configuration Debug for project helloWorld ****
make all 
make: Ništa za napraviti za `all'.
11:04:02 **** Auto Build of project helloWorld_bsp ****
make -k all 
Finished building libraries
11:38:24 **** Auto Build of project helloWorld_bsp ****
make -k all 
Finished building libraries
11:50:37 **** Build of project helloWorld_bsp ****
make -k all 
libgen -hw ../vezba23_3_16_hw_platform/system.xml\
	       \
	       -pe microblaze_0 \
	       -log libgen.log \
	       system.mss
libgen
Xilinx EDK 14.6 Build EDK_P.68d
Copyright (c) 1995-2012 Xilinx, Inc.  All rights reserved.

Command Line: libgen -hw ../vezba23_3_16_hw_platform/system.xml -pe microblaze_0
-log libgen.log system.mss 

ERROR:EDK:410 - gpio -
   C:\materija\RA96-2013\LPRS2\vezba23_3_16\SDK\SDK_Workspace\helloWorld_bsp\sys
   tem.mss line 27 - No IP instance named dip_switches is present in the
   hardware!
ERROR:EDK:1206 - Errors occured while parsing MSS file.
make: *** [microblaze_0/lib/libxil.a] Greška 2
make: Meta `all' nije ponovo izraðen zbog grešaka.
11:50:39 **** Build of configuration Debug for project helloWorld ****
make all 
make: Ništa za napraviti za `all'.
11:54:20 **** Clean-only build of configuration Debug for project helloWorld ****
make clean 
rm -rf  ./src/helloworld.o ./src/platform.o  ./src/helloworld.d ./src/platform.d  helloWorld.elf.size  helloWorld.elf.elfcheck  helloWorld.elf
 
11:54:20 **** Clean-only build of project helloWorld_bsp ****
make -k clean 
rm -rf microblaze_0
11:54:22 **** Build of project helloWorld_bsp ****
make -k all 
libgen -hw ../vezba23_3_16_hw_platform/system.xml\
	       \
	       -pe microblaze_0 \
	       -log libgen.log \
	       system.mss
libgen
Xilinx EDK 14.6 Build EDK_P.68d
Copyright (c) 1995-2012 Xilinx, Inc.  All rights reserved.

Command Line: libgen -hw ../vezba23_3_16_hw_platform/system.xml -pe microblaze_0
-log libgen.log system.mss 


Staging source files.
Running DRCs.
Running generate.
Running post_generate.
Running include - 'make -s include "COMPILER=mb-gcc" "ARCHIVER=mb-ar"
"COMPILER_FLAGS=-mlittle-endian -mno-xl-soft-mul -mxl-barrel-shift
-mxl-pattern-compare -mcpu=v8.50.b  -O2 -c" "EXTRA_COMPILER_FLAGS=-g
-ffunction-sections -fdata-sections"'.

Running libs - 'make -s libs "COMPILER=mb-gcc" "ARCHIVER=mb-ar"
"COMPILER_FLAGS=-mlittle-endian -mno-xl-soft-mul -mxl-barrel-shift
-mxl-pattern-compare -mcpu=v8.50.b  -O2 -c" "EXTRA_COMPILER_FLAGS=-g
-ffunction-sections -fdata-sections"'.
Compiling common
Compiling standalone
Compiling uartlite
Compiling bram
Compiling cpu
Running execs_generate.
Finished building libraries
11:54:33 **** Build of configuration Debug for project helloWorld ****
make all 
Building file: ../src/helloworld.c
Invoking: MicroBlaze gcc compiler
mb-gcc -Wall -O0 -g3 -c -fmessage-length=0 -I../../helloWorld_bsp/microblaze_0/include -mlittle-endian -mxl-barrel-shift -mxl-pattern-compare -mcpu=v8.50.b -mno-xl-soft-mul -Wl,--no-relax -ffunction-sections -fdata-sections -MMD -MP -MF"src/helloworld.d" -MT"src/helloworld.d" -o "src/helloworld.o" "../src/helloworld.c"
../src/helloworld.c: In function 'main':
../src/helloworld.c:47:14: error: 'XPAR_DIP_SWITCHES_BASEADDR' undeclared (first use in this function)
../src/helloworld.c:47:14: note: each undeclared identifier is reported only once for each function it appears in
make: *** [src/helloworld.o] Greška 1
11:56:20 **** Build of project my_peripheral_test_bsp ****
make -k all 
libgen -hw ../vezba23_3_16_hw_platform/system.xml\
	       \
	       -pe microblaze_0 \
	       -log libgen.log \
	       system.mss
libgen
Xilinx EDK 14.6 Build EDK_P.68d
Copyright (c) 1995-2012 Xilinx, Inc.  All rights reserved.

Command Line: libgen -hw ../vezba23_3_16_hw_platform/system.xml -pe microblaze_0
-log libgen.log system.mss 


Staging source files.
Running DRCs.
Running generate.
Running post_generate.
Running include - 'make -s include "COMPILER=mb-gcc" "ARCHIVER=mb-ar"
"COMPILER_FLAGS=-mlittle-endian -mno-xl-soft-mul -mxl-barrel-shift
-mxl-pattern-compare -mcpu=v8.50.b  -O2 -c" "EXTRA_COMPILER_FLAGS=-g
-ffunction-sections -fdata-sections"'.

Running libs - 'make -s libs "COMPILER=mb-gcc" "ARCHIVER=mb-ar"
"COMPILER_FLAGS=-mlittle-endian -mno-xl-soft-mul -mxl-barrel-shift
-mxl-pattern-compare -mcpu=v8.50.b  -O2 -c" "EXTRA_COMPILER_FLAGS=-g
-ffunction-sections -fdata-sections"'.
Compiling common
Compiling standalone
Compiling uartlite
Compiling bram
Compiling cpu
Running execs_generate.
Finished building libraries
11:56:27 **** Build of configuration Debug for project my_peripheral_test ****
make all 
Building file: ../src/helloworld.c
Invoking: MicroBlaze gcc compiler
mb-gcc -Wall -O0 -g3 -c -fmessage-length=0 -I../../my_peripheral_test_bsp/microblaze_0/include -mlittle-endian -mxl-barrel-shift -mxl-pattern-compare -mcpu=v8.50.b -mno-xl-soft-mul -Wl,--no-relax -ffunction-sections -fdata-sections -MMD -MP -MF"src/helloworld.d" -MT"src/helloworld.d" -o "src/helloworld.o" "../src/helloworld.c"
Finished building: ../src/helloworld.c
 
Building file: ../src/platform.c
Invoking: MicroBlaze gcc compiler
mb-gcc -Wall -O0 -g3 -c -fmessage-length=0 -I../../my_peripheral_test_bsp/microblaze_0/include -mlittle-endian -mxl-barrel-shift -mxl-pattern-compare -mcpu=v8.50.b -mno-xl-soft-mul -Wl,--no-relax -ffunction-sections -fdata-sections -MMD -MP -MF"src/platform.d" -MT"src/platform.d" -o "src/platform.o" "../src/platform.c"
Finished building: ../src/platform.c
 
Building target: my_peripheral_test.elf
Invoking: MicroBlaze gcc linker
mb-gcc -Wl,-T -Wl,../src/lscript.ld -L../../my_peripheral_test_bsp/microblaze_0/lib -mlittle-endian -mxl-barrel-shift -mxl-pattern-compare -mcpu=v8.50.b -mno-xl-soft-mul -Wl,--no-relax -Wl,--gc-sections -o "my_peripheral_test.elf"  ./src/helloworld.o ./src/platform.o   -Wl,--start-group,-lxil,-lgcc,-lc,--end-group
Finished building target: my_peripheral_test.elf
 
Invoking: MicroBlaze Print Size
mb-size my_peripheral_test.elf  |tee "my_peripheral_test.elf.size"
   text	   data	    bss	    dec	    hex	filename
   2174	    268	   2080	   4522	   11aa	my_peripheral_test.elf
Finished building: my_peripheral_test.elf.size
 
Invoking: Xilinx ELF Check
elfcheck my_peripheral_test.elf -hw ../../vezba23_3_16_hw_platform/system.xml -pe microblaze_0  |tee "my_peripheral_test.elf.elfcheck"
elfcheck
Xilinx EDK 14.6 Build EDK_P.68d
Copyright (c) 1995-2012 Xilinx, Inc.  All rights reserved.

Command Line: elfcheck -hw ../../vezba23_3_16_hw_platform/system.xml -pe
microblaze_0 my_peripheral_test.elf 

ELF file	: my_peripheral_test.elf
elfcheck passed.
Finished building: my_peripheral_test.elf.elfcheck
 
11:58:14 **** Auto Build of configuration Debug for project my_peripheral_test ****
make all 
Building file: ../src/helloworld.c
Invoking: MicroBlaze gcc compiler
mb-gcc -Wall -O0 -g3 -c -fmessage-length=0 -I../../my_peripheral_test_bsp/microblaze_0/include -mlittle-endian -mxl-barrel-shift -mxl-pattern-compare -mcpu=v8.50.b -mno-xl-soft-mul -Wl,--no-relax -ffunction-sections -fdata-sections -MMD -MP -MF"src/helloworld.d" -MT"src/helloworld.d" -o "src/helloworld.o" "../src/helloworld.c"
../src/helloworld.c: In function 'main':
../src/helloworld.c:42:15: warning: unused variable 'OldData' [-Wunused-variable]
../src/helloworld.c:41:15: warning: unused variable 'DataRead' [-Wunused-variable]
../src/helloworld.c: At top level:
../src/helloworld.c:45:1: warning: data definition has no type or storage class [enabled by default]
../src/helloworld.c:45:1: warning: type defaults to 'int' in declaration of 'init_platform' [-Wimplicit-int]
../src/helloworld.c:45:1: error: conflicting types for 'init_platform'
../src/platform.h:24:6: note: previous declaration of 'init_platform' was here
../src/helloworld.c:47:1: warning: data definition has no type or storage class [enabled by default]
../src/helloworld.c:47:1: warning: type defaults to 'int' in declaration of 'OldData' [-Wimplicit-int]
../src/helloworld.c:49:1: error: expected identifier or '(' before 'while'
../src/helloworld.c:63:1: error: expected identifier or '(' before '}' token
../src/helloworld.c:64:1: error: expected identifier or '(' before '}' token
../src/helloworld.c:65:1: error: expected identifier or '(' before '}' token
../src/helloworld.c: In function 'main':
../src/helloworld.c:43:1: warning: control reaches end of non-void function [-Wreturn-type]
make: *** [src/helloworld.o] Greška 1
11:58:55 **** Auto Build of configuration Debug for project my_peripheral_test ****
make all 
Building file: ../src/helloworld.c
Invoking: MicroBlaze gcc compiler
mb-gcc -Wall -O0 -g3 -c -fmessage-length=0 -I../../my_peripheral_test_bsp/microblaze_0/include -mlittle-endian -mxl-barrel-shift -mxl-pattern-compare -mcpu=v8.50.b -mno-xl-soft-mul -Wl,--no-relax -ffunction-sections -fdata-sections -MMD -MP -MF"src/helloworld.d" -MT"src/helloworld.d" -o "src/helloworld.o" "../src/helloworld.c"
Finished building: ../src/helloworld.c
 
Building target: my_peripheral_test.elf
Invoking: MicroBlaze gcc linker
mb-gcc -Wl,-T -Wl,../src/lscript.ld -L../../my_peripheral_test_bsp/microblaze_0/lib -mlittle-endian -mxl-barrel-shift -mxl-pattern-compare -mcpu=v8.50.b -mno-xl-soft-mul -Wl,--no-relax -Wl,--gc-sections -o "my_peripheral_test.elf"  ./src/helloworld.o ./src/platform.o   -Wl,--start-group,-lxil,-lgcc,-lc,--end-group
Finished building target: my_peripheral_test.elf
 
Invoking: MicroBlaze Print Size
mb-size my_peripheral_test.elf  |tee "my_peripheral_test.elf.size"
   text	   data	    bss	    dec	    hex	filename
   5138	    272	   2086	   7496	   1d48	my_peripheral_test.elf
Finished building: my_peripheral_test.elf.size
 
Invoking: Xilinx ELF Check
elfcheck my_peripheral_test.elf -hw ../../vezba23_3_16_hw_platform/system.xml -pe microblaze_0  |tee "my_peripheral_test.elf.elfcheck"
elfcheck
Xilinx EDK 14.6 Build EDK_P.68d
Copyright (c) 1995-2012 Xilinx, Inc.  All rights reserved.

Command Line: elfcheck -hw ../../vezba23_3_16_hw_platform/system.xml -pe
microblaze_0 my_peripheral_test.elf 

ELF file	: my_peripheral_test.elf
elfcheck passed.
Finished building: my_peripheral_test.elf.elfcheck
 
11:59:40 **** Auto Build of configuration Debug for project my_peripheral_test ****
make all 
Building file: ../src/helloworld.c
Invoking: MicroBlaze gcc compiler
mb-gcc -Wall -O0 -g3 -c -fmessage-length=0 -I../../my_peripheral_test_bsp/microblaze_0/include -mlittle-endian -mxl-barrel-shift -mxl-pattern-compare -mcpu=v8.50.b -mno-xl-soft-mul -Wl,--no-relax -ffunction-sections -fdata-sections -MMD -MP -MF"src/helloworld.d" -MT"src/helloworld.d" -o "src/helloworld.o" "../src/helloworld.c"
Finished building: ../src/helloworld.c
 
Building target: my_peripheral_test.elf
Invoking: MicroBlaze gcc linker
mb-gcc -Wl,-T -Wl,../src/lscript.ld -L../../my_peripheral_test_bsp/microblaze_0/lib -mlittle-endian -mxl-barrel-shift -mxl-pattern-compare -mcpu=v8.50.b -mno-xl-soft-mul -Wl,--no-relax -Wl,--gc-sections -o "my_peripheral_test.elf"  ./src/helloworld.o ./src/platform.o   -Wl,--start-group,-lxil,-lgcc,-lc,--end-group
Finished building target: my_peripheral_test.elf
 
Invoking: MicroBlaze Print Size
mb-size my_peripheral_test.elf  |tee "my_peripheral_test.elf.size"
   text	   data	    bss	    dec	    hex	filename
   5170	    272	   2086	   7528	   1d68	my_peripheral_test.elf
Finished building: my_peripheral_test.elf.size
 
Invoking: Xilinx ELF Check
elfcheck my_peripheral_test.elf -hw ../../vezba23_3_16_hw_platform/system.xml -pe microblaze_0  |tee "my_peripheral_test.elf.elfcheck"
elfcheck
Xilinx EDK 14.6 Build EDK_P.68d
Copyright (c) 1995-2012 Xilinx, Inc.  All rights reserved.

Command Line: elfcheck -hw ../../vezba23_3_16_hw_platform/system.xml -pe
microblaze_0 my_peripheral_test.elf 

ELF file	: my_peripheral_test.elf
elfcheck passed.
Finished building: my_peripheral_test.elf.elfcheck
 
11:59:46 **** Incremental Build of configuration Debug for project my_peripheral_test ****
make all 
make: Ništa za napraviti za `all'.
11:59:47 **** Incremental Build of configuration Debug for project helloWorld ****
make all 
Building file: ../src/helloworld.c
Invoking: MicroBlaze gcc compiler
mb-gcc -Wall -O0 -g3 -c -fmessage-length=0 -I../../helloWorld_bsp/microblaze_0/include -mlittle-endian -mxl-barrel-shift -mxl-pattern-compare -mcpu=v8.50.b -mno-xl-soft-mul -Wl,--no-relax -ffunction-sections -fdata-sections -MMD -MP -MF"src/helloworld.d" -MT"src/helloworld.d" -o "src/helloworld.o" "../src/helloworld.c"
../src/helloworld.c: In function 'main':
../src/helloworld.c:47:14: error: 'XPAR_DIP_SWITCHES_BASEADDR' undeclared (first use in this function)
../src/helloworld.c:47:14: note: each undeclared identifier is reported only once for each function it appears in
make: *** [src/helloworld.o] Greška 1
12:03:04 **** Incremental Build of configuration Debug for project my_peripheral_test ****
make all 
make: Ništa za napraviti za `all'.
12:06:05 **** Auto Build of project my_peripheral_test_bsp ****
make -k all 
Finished building libraries
12:06:17 **** Incremental Build of configuration Debug for project my_peripheral_test ****
make all 
make: Ništa za napraviti za `all'.
